../Core/Src/hrtim.c:14:17:HRTIM1_ClampCompare	24	static
../Core/Src/hrtim.c:38:6:HRTIM1_FullInit	296	static
../Core/Src/hrtim.c:362:6:HAL_HRTIM_MspInit	56	static
../Core/Src/hrtim.c:423:6:HAL_HRTIM_MspDeInit	16	static
../Core/Src/hrtim.c:457:16:HRTIM1_WaitForPhaseAndConnect	32	static
../Core/Src/hrtim.c:493:6:HRTIM1_PWM_Start	40	static,ignoring_inline_asm
../Core/Src/hrtim.c:676:6:HRTIM1_EnableMasterInterrupt	8	static
../Core/Src/hrtim.c:689:6:HRTIM1_PWM_Stop	8	static
../Core/Src/hrtim.c:714:6:HRTIM1_SoftwareUpdate	4	static
../Core/Src/hrtim.c:731:6:HRTIM1_ApplyPfmStep	24	static
../Core/Src/hrtim.c:768:20:HRTIM1_GetMasterPerRegAddress	4	static
../Core/Src/hrtim.c:773:20:HRTIM1_GetMasterCmp1RegAddress	4	static
../Core/Src/hrtim.c:778:20:HRTIM1_GetMasterCmp2RegAddress	4	static
../Core/Src/hrtim.c:783:20:HRTIM1_GetTimerAPerRegAddress	4	static
../Core/Src/hrtim.c:788:20:HRTIM1_GetTimerBPerRegAddress	4	static
../Core/Src/hrtim.c:793:20:HRTIM1_GetTimerCPerRegAddress	4	static
../Core/Src/hrtim.c:798:20:HRTIM1_GetTimerACmp1RegAddress	4	static
../Core/Src/hrtim.c:803:20:HRTIM1_GetTimerBCmp1RegAddress	4	static
../Core/Src/hrtim.c:808:20:HRTIM1_GetTimerCCmp1RegAddress	4	static
