../Core/Src/hrtim.c:14:17:HRTIM1_ClampCompare	24	static
../Core/Src/hrtim.c:38:6:HRTIM1_FullInit	296	static
../Core/Src/hrtim.c:268:6:HAL_HRTIM_MspInit	48	static
../Core/Src/hrtim.c:300:6:HAL_HRTIM_MspDeInit	16	static
../Core/Src/hrtim.c:310:6:HRTIM1_PWM_Start	24	static
../Core/Src/hrtim.c:374:6:HRTIM1_PWM_Stop	8	static
../Core/Src/hrtim.c:399:6:HRTIM1_SoftwareUpdate	4	static
../Core/Src/hrtim.c:416:6:HRTIM1_ApplyPfmStep	24	static
../Core/Src/hrtim.c:453:20:HRTIM1_GetMasterPerRegAddress	4	static
../Core/Src/hrtim.c:458:20:HRTIM1_GetMasterCmp1RegAddress	4	static
../Core/Src/hrtim.c:463:20:HRTIM1_GetMasterCmp2RegAddress	4	static
../Core/Src/hrtim.c:468:20:HRTIM1_GetTimerAPerRegAddress	4	static
../Core/Src/hrtim.c:473:20:HRTIM1_GetTimerBPerRegAddress	4	static
../Core/Src/hrtim.c:478:20:HRTIM1_GetTimerCPerRegAddress	4	static
../Core/Src/hrtim.c:483:20:HRTIM1_GetTimerACmp1RegAddress	4	static
../Core/Src/hrtim.c:488:20:HRTIM1_GetTimerBCmp1RegAddress	4	static
../Core/Src/hrtim.c:493:20:HRTIM1_GetTimerCCmp1RegAddress	4	static
