../Core/Src/pfm.c:46:10:PFM_Phase120	24	static
../Core/Src/pfm.c:52:10:PFM_Phase240	24	static
../Core/Src/pfm.c:58:6:PFM_Init	4	static
../Core/Src/pfm.c:84:6:PFM_ApplyCurrentStep	48	static
../Core/Src/pfm.c:112:6:PFM_CycleBoundaryHandler	8	static
../Core/Src/pfm.c:150:6:PFM_Restart	8	static
../Core/Src/pfm.c:178:6:PFM_SetPhaseEnabled	16	static
../Core/Src/pfm.c:196:9:PFM_GetPhaseEnabled	16	static
../Core/Src/pfm.c:211:6:PFM_ResetIndices	4	static
../Core/Src/pfm.c:221:13:PFM_GetState	4	static
../Core/Src/pfm.c:226:19:PFM_GetCurrentStep	4	static
../Core/Src/pfm.c:231:19:PFM_GetStepByIndex	16	static
../Core/Src/pfm.c:241:6:PFM_TableReset	4	static
../Core/Src/pfm.c:246:9:PFM_AppendStep	16	static
../Core/Src/pfm.c:262:10:PFM_GetEntryCount	4	static
