../Core/Src/pfm.c:44:10:PFM_Phase120	24	static
../Core/Src/pfm.c:50:10:PFM_Phase240	24	static
../Core/Src/pfm.c:56:6:PFM_Init	4	static
../Core/Src/pfm.c:82:6:PFM_ApplyCurrentStep	48	static
../Core/Src/pfm.c:110:6:PFM_CycleBoundaryHandler	8	static
../Core/Src/pfm.c:148:6:PFM_Restart	8	static
../Core/Src/pfm.c:176:6:PFM_SetPhaseEnabled	16	static
../Core/Src/pfm.c:194:9:PFM_GetPhaseEnabled	16	static
../Core/Src/pfm.c:209:6:PFM_ResetIndices	4	static
../Core/Src/pfm.c:219:13:PFM_GetState	4	static
../Core/Src/pfm.c:224:19:PFM_GetCurrentStep	4	static
../Core/Src/pfm.c:229:19:PFM_GetStepByIndex	16	static
